+.yostarplat.com
+.bluearchiveyostar.com
+.yo-star.com
+.geekuninstaller.com
+.crdroid.net
+.eden-emu.dev
+.externulls.com
+.winget.run
+.gammacdn.com
+.hanime-cdn.com
+.cf.lossless.am
+.freeanimehentai.net
+.highwinds-cdn.com
+.rng.moe
+.hentaied.pro
+.fetish.lol
+.winaero.com
+.exhentai.org
+.azshopp.com
+.htv-services.com
+.zencdn.net
+.githubusercontent.com
+.oracle.com
+.ennead.cc
+.gdvid.info
+.defeated.xxx
+.workers.dev
+.recombee.com
+.deeper.com
+.izzysoft.de
+.aniu.ru
+.aniru.pro
+.onichan.ru
+.scdn.co
+.spotifycdn.com
+.mintmanga.one
+.blz-contentstack.com
+.battle.net
+.blizzard.com
+.bitwarden.com
+.bitwarden.net
+.familyislandgame.net
+.familyisland.games
+.iqoo.com
+.9to5linux.com
+.itsfoss.com
+.xda-developers.com
+.sittingonclouds.net
+.squid-board.org
+.fourhoi.com
+.missav.live
+.v2fly.org
+.wiresock.net
+.schaledb.com
+.endfieldtools.dev
+.opendfieldmap.org
+.filegasm.com
+.onwavedub.org
+.picokeys.com
+.accrescent.app
+.qlango.com
+.ijrsoftware.com
+.lichess.org
+.dnsleaktest.com
